[    0.000000] Initializing cgroup subsys cpuset
[    0.000000] Initializing cgroup subsys cpu
[    0.000000] Initializing cgroup subsys cpuacct
[    0.000000] Linux version 4.4.0-210-generic (buildd@lgw01-amd64-009) (gcc version 5.4.0 20160609 (Ubuntu 5.4.0-6ubuntu1~16.04.12) ) #242-Ubuntu SMP Fri Apr 16 09:57:56 UTC 2021 (Ubuntu 4.4.0-210.242-generic 4.4.262)
[    0.000000] Command line: BOOT_IMAGE=/boot/vmlinuz-4.4.0-210-generic root=LABEL=cloudimg-rootfs ro console=tty1 console=ttyS0
[    0.000000] KERNEL supported cpus:
[    0.000000]   Intel GenuineIntel
[    0.000000]   AMD AuthenticAMD
[    0.000000]   Centaur CentaurHauls
[    0.000000] x86/fpu: Legacy x87 FPU detected.
[    0.000000] e820: BIOS-provided physical RAM map:
[    0.000000] BIOS-e820: [mem 0x0000000000000000-0x000000000009fbff] usable
[    0.000000] BIOS-e820: [mem 0x000000000009fc00-0x000000000009ffff] reserved
[    0.000000] BIOS-e820: [mem 0x00000000000f0000-0x00000000000fffff] reserved
[    0.000000] BIOS-e820: [mem 0x0000000000100000-0x000000003ffeffff] usable
[    0.000000] BIOS-e820: [mem 0x000000003fff0000-0x000000003fffffff] ACPI data
[    0.000000] BIOS-e820: [mem 0x00000000fec00000-0x00000000fec00fff] reserved
[    0.000000] BIOS-e820: [mem 0x00000000fee00000-0x00000000fee00fff] reserved
[    0.000000] BIOS-e820: [mem 0x00000000fffc0000-0x00000000ffffffff] reserved
[    0.000000] NX (Execute Disable) protection: active
[    0.000000] SMBIOS 2.5 present.
[    0.000000] Hypervisor detected: KVM
[    0.000000] Kernel/User page tables isolation: disabled
[    0.000000] e820: last_pfn = 0x3fff0 max_arch_pfn = 0x400000000
[    0.000000] MTRR: Disabled
[    0.000000] x86/PAT: MTRRs disabled, skipping PAT initialization too.
[    0.000000] CPU MTRRs all blank - virtualized system.
[    0.000000] x86/PAT: Configuration [0-7]: WB  WT  UC- UC  WB  WT  UC- UC  
[    0.000000] found SMP MP-table at [mem 0x0009fff0-0x0009ffff] mapped at [ffff88000009fff0]
[    0.000000] Scanning 1 areas for low memory corruption
[    0.000000] RAMDISK: [mem 0x362dc000-0x37165fff]
[    0.000000] ACPI: Early table checksum verification disabled
[    0.000000] ACPI: RSDP 0x00000000000E0000 000024 (v02 VBOX  )
[    0.000000] ACPI: XSDT 0x000000003FFF0030 00003C (v01 VBOX   VBOXXSDT 00000001 ASL  00000061)
[    0.000000] ACPI: FACP 0x000000003FFF00F0 0000F4 (v04 VBOX   VBOXFACP 00000001 ASL  00000061)
[    0.000000] ACPI: DSDT 0x000000003FFF0470 002325 (v02 VBOX   VBOXBIOS 00000002 INTL 20100528)
[    0.000000] ACPI: FACS 0x000000003FFF0200 000040
[    0.000000] ACPI: FACS 0x000000003FFF0200 000040
[    0.000000] ACPI: APIC 0x000000003FFF0240 00005C (v02 VBOX   VBOXAPIC 00000001 ASL  00000061)
[    0.000000] ACPI: SSDT 0x000000003FFF02A0 0001CC (v01 VBOX   VBOXCPUT 00000002 INTL 20100528)
[    0.000000] No NUMA configuration found
[    0.000000] Faking a node at [mem 0x0000000000000000-0x000000003ffeffff]
[    0.000000] NODE_DATA(0) allocated [mem 0x3ffeb000-0x3ffeffff]
[    0.000000] kvm-clock: Using msrs 4b564d01 and 4b564d00
[    0.000000] kvm-clock: cpu 0, msr 0:3ffe3001, primary cpu clock
[    0.000000] kvm-clock: using sched offset of 3484877459 cycles
[    0.000000] clocksource: kvm-clock: mask: 0xffffffffffffffff max_cycles: 0x1cd42e4dffb, max_idle_ns: 881590591483 ns
[    0.000000] Zone ranges:
[    0.000000]   DMA      [mem 0x0000000000001000-0x0000000000ffffff]
[    0.000000]   DMA32    [mem 0x0000000001000000-0x000000003ffeffff]
[    0.000000]   Normal   empty
[    0.000000]   Device   empty
[    0.000000] Movable zone start for each node
[    0.000000] Early memory node ranges
[    0.000000]   node   0: [mem 0x0000000000001000-0x000000000009efff]
[    0.000000]   node   0: [mem 0x0000000000100000-0x000000003ffeffff]
[    0.000000] Initmem setup node 0 [mem 0x0000000000001000-0x000000003ffeffff]
[    0.000000] ACPI: PM-Timer IO Port: 0x4008
[    0.000000] IOAPIC[0]: apic_id 2, version 32, address 0xfec00000, GSI 0-23
[    0.000000] ACPI: INT_SRC_OVR (bus 0 bus_irq 0 global_irq 2 dfl dfl)
[    0.000000] ACPI: INT_SRC_OVR (bus 0 bus_irq 9 global_irq 9 low level)
[    0.000000] Using ACPI (MADT) for SMP configuration information
[    0.000000] smpboot: Allowing 2 CPUs, 0 hotplug CPUs
[    0.000000] PM: Registered nosave memory: [mem 0x00000000-0x00000fff]
[    0.000000] PM: Registered nosave memory: [mem 0x0009f000-0x0009ffff]
[    0.000000] PM: Registered nosave memory: [mem 0x000a0000-0x000effff]
[    0.000000] PM: Registered nosave memory: [mem 0x000f0000-0x000fffff]
[    0.000000] e820: [mem 0x40000000-0xfebfffff] available for PCI devices
[    0.000000] Booting paravirtualized kernel on KVM
[    0.000000] clocksource: refined-jiffies: mask: 0xffffffff max_cycles: 0xffffffff, max_idle_ns: 7645519600211568 ns
[    0.000000] setup_percpu: NR_CPUS:512 nr_cpumask_bits:512 nr_cpu_ids:2 nr_node_ids:1
[    0.000000] PERCPU: Embedded 33 pages/cpu @ffff88003fc00000 s95192 r8192 d31784 u1048576
[    0.000000] Built 1 zonelists in Node order, mobility grouping on.  Total pages: 257912
[    0.000000] Policy zone: DMA32
[    0.000000] Kernel command line: BOOT_IMAGE=/boot/vmlinuz-4.4.0-210-generic root=LABEL=cloudimg-rootfs ro console=tty1 console=ttyS0
[    0.000000] PID hash table entries: 4096 (order: 3, 32768 bytes)
[    0.000000] Memory: 997792K/1048120K available (8644K kernel code, 1332K rwdata, 4044K rodata, 1492K init, 1164K bss, 50328K reserved, 0K cma-reserved)
[    0.000000] SLUB: HWalign=64, Order=0-3, MinObjects=0, CPUs=2, Nodes=1
[    0.000000] Hierarchical RCU implementation.
[    0.000000] 	Build-time adjustment of leaf fanout to 64.
[    0.000000] 	RCU restricting CPUs from NR_CPUS=512 to nr_cpu_ids=2.
[    0.000000] RCU: Adjusting geometry for rcu_fanout_leaf=64, nr_cpu_ids=2
[    0.000000] NR_IRQS:33024 nr_irqs:440 16
[    0.000000] Console: colour VGA+ 80x25
[    0.000000] console [tty1] enabled
[    0.000000] console [ttyS0] enabled
[    0.000000] tsc: Detected 2592.008 MHz processor
[    0.440845] Calibrating delay loop (skipped) preset value.. 5184.01 BogoMIPS (lpj=10368032)
[    0.448066] pid_max: default: 32768 minimum: 301
[    0.453035] ACPI: Core revision 20150930
[    0.457310] ACPI: 2 ACPI AML tables successfully acquired and loaded
[    0.466546] Security Framework initialized
[    0.470405] Yama: becoming mindful.
[    0.474018] AppArmor: AppArmor initialized
[    0.477460] Dentry cache hash table entries: 131072 (order: 8, 1048576 bytes)
[    0.486955] Inode-cache hash table entries: 65536 (order: 7, 524288 bytes)
[    0.495063] Mount-cache hash table entries: 2048 (order: 2, 16384 bytes)
[    0.501674] Mountpoint-cache hash table entries: 2048 (order: 2, 16384 bytes)
[    0.507741] Initializing cgroup subsys io
[    0.510496] Initializing cgroup subsys memory
[    0.513518] Initializing cgroup subsys devices
[    0.516706] Initializing cgroup subsys freezer
[    0.521206] Initializing cgroup subsys net_cls
[    0.524141] Initializing cgroup subsys perf_event
[    0.528260] Initializing cgroup subsys net_prio
[    0.532396] Initializing cgroup subsys hugetlb
[    0.537246] Initializing cgroup subsys pids
[    0.540758] mce: CPU supports 0 MCE banks
[    0.543791] Last level iTLB entries: 4KB 64, 2MB 8, 4MB 8
[    0.548670] Last level dTLB entries: 4KB 64, 2MB 0, 4MB 0, 1GB 4
[    0.552547] Spectre V1 : Mitigation: usercopy/swapgs barriers and __user pointer sanitization
[    0.558697] Spectre V2 : Mitigation: Enhanced IBRS
[    0.561991] Spectre V2 : Spectre v2 / SpectreRSB mitigation: Filling RSB on context switch
[    0.568092] Speculative Store Bypass: Vulnerable
[    0.598046] Freeing SMP alternatives memory: 36K
[    0.659118] ftrace: allocating 32380 entries in 127 pages
[    1.068708] smpboot: APIC(0) Converting physical 0 to logical package 0
[    1.076758] smpboot: Max logical packages: 1
[    1.089671] ..TIMER: vector=0x30 apic1=0 pin1=2 apic2=-1 pin2=-1
[    1.202638] smpboot: CPU0: Intel(R) Core(TM) i7-10750H CPU @ 2.60GHz (family: 0x6, model: 0xa5, stepping: 0x2)
[    1.210366] Performance Events: unsupported p6 CPU model 165 no PMU driver, software events only.
[    1.276471] KVM setup paravirtual spinlock
[    1.281360] x86: Booting SMP configuration:
[    1.284635] .... node  #0, CPUs:      #1
[    1.288475] kvm-clock: cpu 1, msr 0:3ffe3041, secondary cpu clock
[    1.291898] mce: CPU supports 0 MCE banks
[    1.295376] x86: Booted up 1 node, 2 CPUs
[    1.298465] smpboot: Total of 2 processors activated (10368.03 BogoMIPS)
[    1.305272] devtmpfs: initialized
[    1.309843] evm: security.selinux
[    1.311910] evm: security.SMACK64
[    1.314415] evm: security.SMACK64EXEC
[    1.316663] evm: security.SMACK64TRANSMUTE
[    1.319215] evm: security.SMACK64MMAP
[    1.321875] evm: security.ima
[    1.323782] evm: security.capability
[    1.326509] clocksource: jiffies: mask: 0xffffffff max_cycles: 0xffffffff, max_idle_ns: 7645041785100000 ns
[    1.332785] futex hash table entries: 512 (order: 3, 32768 bytes)
[    1.337479] pinctrl core: initialized pinctrl subsystem
[    1.341164] RTC time:  3:38:51, date: 06/22/22
[    1.344474] NET: Registered protocol family 16
[    1.357053] cpuidle: using governor ladder
[    1.371201] cpuidle: using governor menu
[    1.373710] PCCT header not found.
[    1.376393] ACPI: bus type PCI registered
[    1.379027] acpiphp: ACPI Hot Plug PCI Controller Driver version: 0.5
[    1.383814] PCI: Using configuration type 1 for base access
[    1.401810] ACPI: Added _OSI(Module Device)
[    1.405018] ACPI: Added _OSI(Processor Device)
[    1.407776] ACPI: Added _OSI(3.0 _SCP Extensions)
[    1.411800] ACPI: Added _OSI(Processor Aggregator Device)
[    1.416923] ACPI: Executed 1 blocks of module-level executable AML code
[    1.424509] ACPI: Interpreter enabled
[    1.426739] ACPI: (supports S0 S5)
[    1.429002] ACPI: Using IOAPIC for interrupt routing
[    1.432695] PCI: Using host bridge windows from ACPI; if necessary, use "pci=nocrs" and report a bug
[    1.443499] ACPI: PCI Root Bridge [PCI0] (domain 0000 [bus 00-ff])
[    1.447262] acpi PNP0A03:00: _OSC: OS supports [ASPM ClockPM Segments MSI]
[    1.451898] acpi PNP0A03:00: _OSC: not requesting OS control; OS requires [ExtendedConfig ASPM ClockPM MSI]
[    1.458159] acpi PNP0A03:00: fail to add MMCONFIG information, can't access extended PCI configuration space under this bridge.
[    1.465890] PCI host bridge to bus 0000:00
[    1.468338] pci_bus 0000:00: root bus resource [io  0x0000-0x0cf7 window]
[    1.472785] pci_bus 0000:00: root bus resource [io  0x0d00-0xffff window]
[    1.477119] pci_bus 0000:00: root bus resource [mem 0x000a0000-0x000bffff window]
[    1.482011] pci_bus 0000:00: root bus resource [mem 0x40000000-0xfdffffff window]
[    1.486844] pci_bus 0000:00: root bus resource [bus 00-ff]
[    1.494584] pci 0000:00:01.1: legacy IDE quirk: reg 0x10: [io  0x01f0-0x01f7]
[    1.499708] pci 0000:00:01.1: legacy IDE quirk: reg 0x14: [io  0x03f6]
[    1.503438] pci 0000:00:01.1: legacy IDE quirk: reg 0x18: [io  0x0170-0x0177]
[    1.507992] pci 0000:00:01.1: legacy IDE quirk: reg 0x1c: [io  0x0376]
[    1.528296] pci 0000:00:07.0: quirk: [io  0x4000-0x403f] claimed by PIIX4 ACPI
[    1.532976] pci 0000:00:07.0: quirk: [io  0x4100-0x410f] claimed by PIIX4 SMB
[    1.542366] ACPI: PCI Interrupt Link [LNKA] (IRQs 5 9 10 *11)
[    1.547861] ACPI: PCI Interrupt Link [LNKB] (IRQs 5 9 *10 11)
[    1.552774] ACPI: PCI Interrupt Link [LNKC] (IRQs 5 *9 10 11)
[    1.558088] ACPI: PCI Interrupt Link [LNKD] (IRQs 5 9 10 *11)
[    1.563760] ACPI: Enabled 2 GPEs in block 00 to 07
[    1.567953] vgaarb: setting as boot device: PCI:0000:00:02.0
[    1.585750] vgaarb: device added: PCI:0000:00:02.0,decodes=io+mem,owns=io+mem,locks=none
[    1.591481] vgaarb: loaded
[    1.593215] vgaarb: bridge control possible 0000:00:02.0
[    1.597187] SCSI subsystem initialized
[    1.600062] ACPI: bus type USB registered
[    1.603168] usbcore: registered new interface driver usbfs
[    1.606417] usbcore: registered new interface driver hub
[    1.609983] usbcore: registered new device driver usb
[    1.613877] PCI: Using ACPI for IRQ routing
[    1.617424] NetLabel: Initializing
[    1.619558] NetLabel:  domain hash size = 128
[    1.622200] NetLabel:  protocols = UNLABELED CIPSOv4
[    1.625787] NetLabel:  unlabeled traffic allowed by default
[    1.629868] amd_nb: Cannot enumerate AMD northbridges
[    1.633176] clocksource: Switched to clocksource kvm-clock
[    1.657984] AppArmor: AppArmor Filesystem Enabled
[    1.661071] pnp: PnP ACPI init
[    1.664904] pnp: PnP ACPI: found 3 devices
[    1.698990] clocksource: acpi_pm: mask: 0xffffff max_cycles: 0xffffff, max_idle_ns: 2085701024 ns
[    1.704672] NET: Registered protocol family 2
[    1.708744] TCP established hash table entries: 8192 (order: 4, 65536 bytes)
[    1.714063] TCP bind hash table entries: 8192 (order: 5, 131072 bytes)
[    1.718934] TCP: Hash tables configured (established 8192 bind 8192)
[    1.723287] UDP hash table entries: 512 (order: 2, 16384 bytes)
[    1.727381] UDP-Lite hash table entries: 512 (order: 2, 16384 bytes)
[    1.731458] NET: Registered protocol family 1
[    1.734761] pci 0000:00:00.0: Limiting direct PCI/PCI transfers
[    1.738340] pci 0000:00:01.0: Activating ISA DMA hang workarounds
[    1.742952] Unpacking initramfs...
[    2.038979] Freeing initrd memory: 14888K
[    2.041537] clocksource: tsc: mask: 0xffffffffffffffff max_cycles: 0x255cbea3061, max_idle_ns: 440795313801 ns
[    2.048354] platform rtc_cmos: registered platform RTC device (no PNP device found)
[    2.053078] Scanning for low memory corruption every 60 seconds
[    2.057875] audit: initializing netlink subsys (disabled)
[    2.061624] audit: type=2000 audit(1655869136.127:1): initialized
[    2.065469] Initialise system trusted keyring
[    2.069234] HugeTLB registered 2 MB page size, pre-allocated 0 pages
[    2.075273] zbud: loaded
[    2.077485] VFS: Disk quotas dquot_6.6.0
[    2.079917] VFS: Dquot-cache hash table entries: 512 (order 0, 4096 bytes)
[    2.084739] squashfs: version 4.0 (2009/01/31) Phillip Lougher
[    2.089522] fuse init (API version 7.23)
[    2.092544] Key type big_key registered
[    2.095359] Allocating IMA MOK and blacklist keyrings.
[    2.106954] Key type asymmetric registered
[    2.109738] Asymmetric key parser 'x509' registered
[    2.112766] Block layer SCSI generic (bsg) driver version 0.4 loaded (major 249)
[    2.118613] io scheduler noop registered
[    2.121269] io scheduler deadline registered (default)
[    2.124869] io scheduler cfq registered
[    2.127859] pci_hotplug: PCI Hot Plug PCI Core version: 0.5
[    2.131418] pciehp: PCI Express Hot Plug Controller Driver version: 0.4
[    2.135864] ACPI: AC Adapter [AC] (on-line)
[    2.138708] input: Power Button as /devices/LNXSYSTM:00/LNXPWRBN:00/input/input0
[    2.143398] ACPI: Power Button [PWRF]
[    2.145848] input: Sleep Button as /devices/LNXSYSTM:00/LNXSLPBN:00/input/input1
[    2.150398] ACPI: Sleep Button [SLPF]
[    2.153166] GHES: HEST is not enabled!
[    2.154223] ACPI: Battery Slot [BAT0] (battery present)
[    2.158955] Serial: 8250/16550 driver, 32 ports, IRQ sharing enabled
[    2.186428] 00:02: ttyS0 at I/O 0x3f8 (irq = 4, base_baud = 115200) is a 16550A
[    2.199140] Linux agpgart interface v0.103
[    2.210748] loop: module loaded
[    2.216695] scsi host0: ata_piix
[    2.219505] scsi host1: ata_piix
[    2.222790] ata1: PATA max UDMA/33 cmd 0x1f0 ctl 0x3f6 bmdma 0xd000 irq 14
[    2.227656] ata2: PATA max UDMA/33 cmd 0x170 ctl 0x376 bmdma 0xd008 irq 15
[    2.232101] libphy: Fixed MDIO Bus: probed
[    2.235014] tun: Universal TUN/TAP device driver, 1.6
[    2.238038] tun: (C) 1999-2004 Max Krasnyansky <maxk@qualcomm.com>
[    2.243557] PPP generic driver version 2.4.2
[    2.246600] ehci_hcd: USB 2.0 'Enhanced' Host Controller (EHCI) Driver
[    2.250917] ehci-pci: EHCI PCI platform driver
[    2.253728] ehci-platform: EHCI generic platform driver
[    2.257220] ohci_hcd: USB 1.1 'Open' Host Controller (OHCI) Driver
[    2.261010] ohci-pci: OHCI PCI platform driver
[    2.264203] ohci-platform: OHCI generic platform driver
[    2.267319] uhci_hcd: USB Universal Host Controller Interface driver
[    2.271579] i8042: PNP: PS/2 Controller [PNP0303:PS2K,PNP0f03:PS2M] at 0x60,0x64 irq 1,12
[    2.279313] serio: i8042 KBD port at 0x60,0x64 irq 1
[    2.282603] serio: i8042 AUX port at 0x60,0x64 irq 12
[    2.287295] mousedev: PS/2 mouse device common for all mice
[    2.293342] rtc_cmos rtc_cmos: rtc core: registered rtc_cmos as rtc0
[    2.298041] rtc_cmos rtc_cmos: alarms up to one day, 114 bytes nvram
[    2.302958] i2c /dev entries driver
[    2.305644] device-mapper: uevent: version 1.0.3
[    2.308920] device-mapper: ioctl: 4.34.0-ioctl (2015-10-28) initialised: dm-devel@redhat.com
[    2.314172] ledtrig-cpu: registered to indicate activity on CPUs
[    2.319460] input: AT Translated Set 2 keyboard as /devices/platform/i8042/serio0/input/input2
[    2.325505] NET: Registered protocol family 10
[    2.329242] NET: Registered protocol family 17
[    2.332738] Key type dns_resolver registered
[    2.337641] registered taskstats version 1
[    2.341041] Loading compiled-in X.509 certificates
[    2.345079] Loaded X.509 cert 'Build time autogenerated kernel key: cf00e047681d67edb2720680708b7d9498083038'
[    2.352236] zswap: loaded using pool lzo/zbud
[    2.359111] Key type trusted registered
[    2.367666] Key type encrypted registered
[    2.370257] AppArmor: AppArmor sha1 policy hashing enabled
[    2.374418] ima: No TPM chip found, activating TPM-bypass!
[    2.378073] ima: Allocated hash algorithm: sha1
[    2.381042] evm: HMAC attrs: 0x1
[    2.384004]   Magic number: 10:549:614
[    2.386589] acpi PNP0303:00: hash matches
[    2.389893] rtc_cmos rtc_cmos: setting system clock to 2022-06-22 03:38:52 UTC (1655869132)
[    2.395490] BIOS EDD facility v0.16 2004-Jun-25, 0 devices found
[    2.399272] EDD information not available.
[    2.450484] Freeing unused kernel memory: 1492K
[    2.469397] Write protecting the kernel read-only data: 14336k
[    2.473642] Freeing unused kernel memory: 1584K
[    2.476673] Freeing unused kernel memory: 52K
Loading, please wait...
starting version[    2.497112] random: systemd-udevd: uninitialized urandom read (16 bytes read, 3 bits of entropy available)
 229
[    2.502058] random: udevadm: uninitialized urandom read (16 bytes read, 4 bits of entropy available)
[    2.502072] random: udevadm: uninitialized urandom read (16 bytes read, 4 bits of entropy available)
[    2.510691] random: udevadm: uninitialized urandom read (16 bytes read, 4 bits of entropy available)
[    2.510714] random: udevadm: uninitialized urandom read (16 bytes read, 4 bits of entropy available)
[    2.510865] random: udevadm: uninitialized urandom read (16 bytes read, 4 bits of entropy available)
[    2.510906] random: udevadm: uninitialized urandom read (16 bytes read, 4 bits of entropy available)
[    2.511008] random: udevadm: uninitialized urandom read (16 bytes read, 4 bits of entropy available)
[    2.511037] random: udevadm: uninitialized urandom read (16 bytes read, 4 bits of entropy available)
[    2.511061] random: udevadm: uninitialized urandom read (16 bytes read, 4 bits of entropy available)
[    2.640357] e1000: Intel(R) PRO/1000 Network Driver - version 7.3.21-k8-NAPI
[    2.650501] e1000: Copyright (c) 1999-2006 Intel Corporation.
[    2.658876] Fusion MPT base driver 3.04.20
[    2.664941] Copyright (c) 1999-2008 LSI Corporation
[    2.703238] Fusion MPT SPI Host driver 3.04.20
[    2.946812] input: ImExPS/2 Generic Explorer Mouse as /devices/platform/i8042/serio1/input/input4
[    3.273115] e1000 0000:00:03.0 eth0: (PCI:33MHz:32-bit) 02:be:82:6b:cc:1d
[    3.277913] e1000 0000:00:03.0 eth0: Intel(R) PRO/1000 Network Connection
[    3.284553] mptbase: ioc0: Initiating bringup
[    3.285509] e1000 0000:00:03.0 enp0s3: renamed from eth0
[    3.355597] ioc0: LSI53C1030 A0: Capabilities={Initiator}
[    3.531841] scsi host2: ioc0: LSI53C1030 A0, FwRev=00000000h, Ports=1, MaxQ=256, IRQ=20
[    3.650716] scsi 2:0:0:0: Direct-Access     VBOX     HARDDISK         1.0  PQ: 0 ANSI: 5
[    3.656262] scsi target2:0:0: Beginning Domain Validation
[    3.664383] scsi target2:0:0: Domain Validation skipping write tests
[    3.668524] scsi target2:0:0: Ending Domain Validation
[    3.672443] scsi target2:0:0: asynchronous
[    3.676936] scsi 2:0:1:0: Direct-Access     VBOX     HARDDISK         1.0  PQ: 0 ANSI: 5
[    3.682294] scsi target2:0:1: Beginning Domain Validation
[    3.689797] scsi target2:0:1: Domain Validation skipping write tests
[    3.694804] scsi target2:0:1: Ending Domain Validation
[    3.698663] scsi target2:0:1: asynchronous
[    3.721944] sd 2:0:0:0: [sda] 83886080 512-byte logical blocks: (42.9 GB/40.0 GiB)
[    3.727898] sd 2:0:0:0: Attached scsi generic sg0 type 0
[    3.732130] sd 2:0:1:0: Attached scsi generic sg1 type 0
[    3.736577] sd 2:0:0:0: [sda] Write Protect is off
[    3.740097] sd 2:0:1:0: [sdb] 20480 512-byte logical blocks: (10.5 MB/10.0 MiB)
[    3.745300] sd 2:0:0:0: [sda] Incomplete mode parameter data
[    3.749023] sd 2:0:0:0: [sda] Assuming drive cache: write through
[    3.753757] sd 2:0:1:0: [sdb] Write Protect is off
[    3.772797] sd 2:0:1:0: [sdb] Incomplete mode parameter data
[    3.777183] sd 2:0:1:0: [sdb] Assuming drive cache: write through
[    3.783808]  sda: sda1
[    3.787090] sd 2:0:1:0: [sdb] Attached SCSI disk
[    3.791772] sd 2:0:0:0: [sda] Attached SCSI disk
Begin: Loading essential drivers ... [    5.287635] md: linear personality registered for level -1
[    5.298208] md: multipath personality registered for level -4
[    5.306279] md: raid0 personality registered for level 0
[    5.321498] md: raid1 personality registered for level 1
[    5.397733] raid6: sse2x1   gen() 12531 MB/s
[    5.466072] raid6: sse2x1   xor()  8608 MB/s
[   31.535803] raid6: sse2x2   gen() 286454 MB/s
[   34.534345] raid6: sse2x2   xor() 199355 MB/s
[   37.546202] raid6: sse2x4   gen() 324086 MB/s
[   40.537908] raid6: sse2x4   xor() 205470 MB/s
[   40.541256] raid6: using algorithm sse2x4 gen() 324086 MB/s
[   40.544549] raid6: .... xor() 205470 MB/s, rmw enabled
[   40.547855] raid6: using ssse3x2 recovery algorithm
[   40.553848] xor: measuring software checksum speed
[   45.584030]    prefetch64-sse: 1989188.704 MB/sec
[   45.692346]    generic_sse: 61502.000 MB/sec
[   45.695824] xor: using function: prefetch64-sse (1989188.704 MB/sec)
[   45.703221] async_tx: api initialized (async)
[   45.740309] md: raid6 personality registered for level 6
[   45.743759] md: raid5 personality registered for level 5
[   45.747035] md: raid4 personality registered for level 4
[   45.764990] md: raid10 personality registered for level 10
done.
Begin: Running /scripts/init-premount ... done.
Begin: Mounting root file system ... Begin: Running /scripts/local-top ... done.
Begin: Running /scripts/local-premount ... [   45.820814] Btrfs loaded
Scanning for Btrfs filesystems
done.
Warning: fsck not present, so skipping root file system
[   45.863303] EXT4-fs (sda1): INFO: recovery required on readonly filesystem
[   45.867332] EXT4-fs (sda1): write access will be enabled during recovery
[   45.925150] EXT4-fs (sda1): recovery complete
[   45.928291] EXT4-fs (sda1): mounted filesystem with ordered data mode. Opts: (null)
done.
Begin: Running /scripts/local-bottom ... done.
Begin: Running /scripts/init-bottom ... done.
[   46.074171] systemd[1]: systemd 229 running in system mode. (+PAM +AUDIT +SELINUX +IMA +APPARMOR +SMACK +SYSVINIT +UTMP +LIBCRYPTSETUP +GCRYPT +GNUTLS +ACL +XZ -LZ4 +SECCOMP +BLKID +ELFUTILS +KMOD -IDN)
[   46.085459] systemd[1]: Detected virtualization oracle.
[   46.088888] systemd[1]: Detected architecture x86-64.

Welcome to [1mUbuntu 16.04.7 LTS[0m!

[   46.099215] systemd[1]: Set hostname to <ubuntu-xenial>.
[   46.264412] systemd[1]: Set up automount Arbitrary Executable File Formats File System Automount Point.
[[0;32m  OK  [0m] Set up automount Arbitrary Executab...ats File System Automount Point.
[   46.273645] systemd[1]: Reached target System Time Synchronized.
[[0;32m  OK  [0m] Reached target System Time Synchronized.
[   46.279856] systemd[1]: Listening on LVM2 poll daemon socket.
[[0;32m  OK  [0m] Listening on LVM2 poll daemon socket.
[   46.285867] systemd[1]: Listening on Device-mapper event daemon FIFOs.
[[0;32m  OK  [0m] Listening on Device-mapper event daemon FIFOs.
[   46.292445] systemd[1]: Listening on udev Kernel Socket.
[[0;32m  OK  [0m] Listening on udev Kernel Socket.
[   46.298726] systemd[1]: Reached target Swap.
[[0;32m  OK  [0m] Reached target Swap.
[   46.303506] systemd[1]: Listening on LVM2 metadata daemon socket.
[[0;32m  OK  [0m] Listening on LVM2 metadata daemon socket.
[   46.309792] systemd[1]: Listening on Syslog Socket.
[[0;32m  OK  [0m] Listening on Syslog Socket.
[   46.322426] systemd[1]: Reached target Encrypted Volumes.
[[0;32m  OK  [0m] Reached target Encrypted Volumes.
[   46.328675] systemd[1]: Started Forward Password Requests to Wall Directory Watch.
[[0;32m  OK  [0m] Started Forward Password Requests to Wall Directory Watch.
[   46.341926] systemd[1]: Listening on Journal Socket.
[[0;32m  OK  [0m] Listening on Journal Socket.
[   46.347808] systemd[1]: Listening on udev Control Socket.
[[0;32m  OK  [0m] Listening on udev Control Socket.
[   46.353689] systemd[1]: Listening on Journal Audit Socket.
[[0;32m  OK  [0m] Listening on Journal Audit Socket.
[   46.359741] systemd[1]: Created slice System Slice.
[[0;32m  OK  [0m] Created slice System Slice.
[   46.370031] systemd[1]: Starting Create list of required static device nodes for the current kernel...
         Starting Create list of required st... nodes for the current kernel...
[   46.379568] systemd[1]: Mounting POSIX Message Queue File System...
         Mounting POSIX Message Queue File System...
[   46.387767] systemd[1]: Starting Monitoring of LVM2 mirrors, snapshots etc. using dmeventd or progress polling...
         Starting Monitoring of LVM2 mirrors... dmeventd or progress polling...
[   46.398873] systemd[1]: Starting Uncomplicated firewall...
         Starting Uncomplicated firewall...
[   46.407268] systemd[1]: Mounting Huge Pages File System...
         Mounting Huge Pages File System...
[   46.416015] systemd[1]: Created slice system-serial\x2dgetty.slice.
[[0;32m  OK  [0m] Created slice system-serial\x2dgetty.slice.
[   46.423967] systemd[1]: Mounting Debug File System...
         Mounting Debug File System...
[   46.430963] systemd[1]: Started Trigger resolvconf update for networkd DNS.
[[0;32m  OK  [0m] Started Trigger resolvconf update for networkd DNS.
[   46.439007] systemd[1]: Reached target User and Group Name Lookups.
[[0;32m  OK  [0m] Reached target User and Group Name Lookups.
[   46.458604] systemd[1]: Starting Set console keymap...
         Starting Set console keymap...
[   46.464900] systemd[1]: Listening on /dev/initctl Compatibility Named Pipe.
[[0;32m  OK  [0m] Listening on /dev/initctl Compatibility Named Pipe.
[   46.514172] systemd[1]: Starting Load Kernel Modules...
         Starting Load Kernel Modules...
[   46.523720] systemd[1]: Listening on fsck to fsckd communication Socket.
[[0;32m  OK  [0m] Listening on fsck to fsckd communication Socket.
[   46.531175] systemd[1]: Starting File System Check on Root Device...
         Starting File System Check on Root Device...
[   46.538591] systemd[1]: Starting Nameserver information manager...
[   46.544415] Loading iSCSI transport class v2.0-870.
         Starting Nameserver information manager...
[   46.550565] systemd[1]: Created slice User and Session Slice.
[[0;32m  OK  [0m] Created slice User and Session Slice.
[   46.556940] systemd[1]: Reached target Slices.
[[0;32m  OK  [0m] Reached target Slices.
[   46.562353] systemd[1]: Listening on Journal Socket (/dev/log).
[[0;32m  OK  [0m] Listening on Journal Socket (/dev/log).

   46.569654] iscsi: registered transport (tcp)
[   46.578355] systemd[1]: Starting Journal Service...
         Starting Journal Service...
[   46.586635] systemd[1]: Mounted Huge Pages File System.
[[0;32m  OK  [0m] Mounted Huge Pages File System.
[   46.593128] systemd[1]: Mounted POSIX Message Queue File System.
[[0;32m  OK  [0m] Mounted POSIX Message Queue File System.
[   46.601911] systemd[1]: Mounted Debug File System.
[[0;32m  OK  [0m] Mounted Debug File System.
[   46.609443] systemd[1]: Started Create list of required static device nodes for the current kernel.
[[0;32m  OK  [0m] Started Create list of required sta...ce nodes for the current kernel.
[   46.619244] systemd[1]: Started Uncomplicated firewall.
[[0;32m  OK  [0m] Started Uncomplicated firewall.
[   46.626903] systemd[1]: Started Set console keymap.
[[0;32m  OK  [0m] Started Set console keymap.
[   46.635894] systemd[1]: Started File System Check on Root Device.
[[0;32m  OK  [0m] Started File System Check on Root Device.
[   46.660501] systemd[1]: Started File System Check Daemon to report status.
[[0;32m  OK  [0m] Started File System Check Daemon to report status.
[   46.671514] systemd[1]: Started LVM2 metadata daemon.
[[0;32m  OK  [0m] Started LVM2 metadata daemon.
[   46.680601] systemd[1]: Starting Remount Root and Kernel File Systems...
         Starting Remount Root and Kernel File Systems...
[   46.689497] systemd[1]: Starting Create Static Device Nodes in /dev...
         Starting Create Static Device Nodes in /dev...
   46.697710] EXT4-fs (sda1): re-mounted. Opts: (null)
[   46.698944] systemd[1]: Started Journal Service.
[[0;32m  OK  [0m] Started Journal Service.
[   46.707775] iscsi: registered transport (iser)
[[0;32m  OK  [0m] Started Nameserver information manager.
[[0;32m  OK  [0m] Started Load Kernel Modules.
[[0;32m  OK  [0m] Started Remount Root and Kernel File Systems.
         Starting Load/Save Random Seed...
         Starting udev Coldplug all Devices...
         Starting Apply Kernel Variables...
         Mounting FUSE Control File System...
         Starting Flush Journal to Persistent Storage...
[[0;32m  OK  [0m] Mounted FUSE Control File System.
[[0;32m  OK  [0m] Started Load/Save Random Seed.
[   46.747808] systemd-journald[383]: Received request to flush runtime journal from PID 1
[[0;32m  OK  [0m] Started Flush Journal to Persistent Storage.
[[0;32m  OK  [0m] Started Create Static Device Nodes in /dev.
[[0;32m  OK  [0m] Started Apply Kernel Variables.
         Starting udev Kernel Device Manager...
[[0;32m  OK  [0m] Started Monitoring of LVM2 mirrors,...ng dmeventd or progress polling.
[[0;32m  OK  [0m] Reached target Local File Systems (Pre).
[[0;32m  OK  [0m] Reached target Local File Systems.
         Starting Create Volatile Files and Directories...
         Starting Tell Plymouth To Write Out Runtime Data...
         Starting Set console font and keymap...
         Starting LSB: AppArmor initialization...
         Starting Initial cloud-init job (pre-networking)...
[[0;32m  OK  [0m] Started udev Coldplug all Devices.
[[0;32m  OK  [0m] Started Create Volatile Files and Directories.
[[0;32m  OK  [0m] Started Tell Plymouth To Write Out Runtime Data.
         Starting Update UTMP about System Boot/Shutdown...
[[0;32m  OK  [0m] Started Update UTMP about System Boot/Shutdown.
[[0;32m  OK  [0m] Started udev Kernel Device Manager.
[[0;32m  OK  [0m] Started Dispatch Password Requests to Console Directory Watch.
[[0;32m  OK  [0m] Found device /dev/ttyS0.
[[0;32m  OK  [0m] Started LSB: AppArmor initialization.
[[0;32m  OK  [0m] Listening on Load/Save RF Kill Switch Status /dev/rfkill Watch.
         Starting Load AppArmor profiles managed internally by snapd...
[[0;32m  OK  [0m] Started Load AppArmor profiles managed internally by snapd.
[   46.663140] cloud-init[462]: Cloud-init v. 21.1-19-gbad84ad4-0ubuntu1~16.04.2 running 'init-local' at Wed, 22 Jun 2022 03:39:37 +0000. Up 46.42 seconds.
[[0;32m  OK  [0m] Started Initial cloud-init job (pre-networking).
[[0;32m  OK  [0m] Reached target Network (Pre).
[[0;32m  OK  [0m] Started ifup for enp0s3.
         Starting Raise network interfaces...
[[0;32m  OK  [0m] Found device 82540EM Gigabit Ethern...r (PRO/1000 MT Desktop Adapter).
[[0;32m  OK  [0m] Started Set console font and keymap.
[[0;32m  OK  [0m] Created slice system-getty.slice.
[[0;32m  OK  [0m] Started Raise network interfaces.
         Starting Initial cloud-init job (metadata service crawler)...
[[0;32m  OK  [0m] Reached target Network.
[   47.631060] cloud-init[951]: Cloud-init v. 21.1-19-gbad84ad4-0ubuntu1~16.04.2 running 'init' at Wed, 22 Jun 2022 03:39:38 +0000. Up 47.45 seconds.
[[0;32m  OK  [0m] Started Initial cloud-init job (metadata service crawler).
[[0;32m  OK  [0m] Reached target Network is Online.
[   47.659805] cloud-init[951]: ci-info: ++++++++++++++++++++++++++++++++++++++Net device info++++++++++++++++++++++++++++++++++++++
[   47.670760] cloud-init[951]: ci-info: +--------+------+----------------------------+---------------+--------+-------------------+
[   47.674362] cloud-init[951]: ci-info: | Device |  Up  |          Address           |      Mask     | Scope  |     Hw-Address    |
[   47.678312] cloud-init[951]: ci-info: +--------+------+----------------------------+---------------+--------+-------------------+
[   47.683423] cloud-init[951]: ci-info: | enp0s3 | True |         10.0.2.15          | 255.255.255.0 | global | 02:be:82:6b:cc:1d |
[   47.684202] cloud-init[951]: ci-info: | enp0s3 | True | fe80::be:82ff:fe6b:cc1d/64 |       .       |  link  | 02:be:82:6b:cc:1d |
         Starting iSCSI initiator daemon (iscsid)...
[   47.684229] cloud-init[951]: ci-info: |   lo   | True |         127.0.0.1          |   255.0.0.0   |  host  |         .         |
[   47.695785] cloud-init[951]: ci-info: |   lo   | True |          ::1/128           |       .       |  host  |         .         |
[   47.699327] cloud-init[951]: ci-info: +--------+------+----------------------------+---------------+--------+-------------------+
[   47.700088] cloud-init[951]: ci-info: +++++++++++++++++++++++++++Route IPv4 info++++++++++++++++++++++++++++
[   47.700110] cloud-init[951]: ci-info: +-------+-------------+----------+---------------+-----------+-------+
[[   47.700128] cloud-init[951]: ci-info: | Route | Destination | Gateway  |    Genmask    | Interface | Flags |
[0;32m  OK  [0m] Reached target System Initialization.
[   47.700162] cloud-init[951]: ci-info: +-------+-------------+----------+---------------+-----------+-------+
[   47.713700] cloud-init[951]: ci-info: |   0   |   0.0.0.0   | 10.0.2.2 |    0.0.0.0    |   enp0s3  |   UG  |
[[0;32m  OK  [0m] Started ACPI Events Check.
[[   47.716975] [0;32m  OK  [0mcloud-init] [951]: Reached target Paths.ci-info: |   1   |   10.0.2.0  | 0.0.0.0  | 255.255.255.0 |   enp0s3  |   U   |

[   47.723068] cloud-init[951]: ci-info: +-------+-------------+----------+---------------+-----------+-------+
[   47.723776] cloud-init[951]: ci-info: +++++++++++++++++++Route IPv6 info+++++++++++++++++++
[   47.723799] cloud-init[951]: ci-info: +-------+-------------+---------+-----------+-------+
[   47.724096] cloud-init[951]: ci-info: | Route | Destination | Gateway | Interface | Flags |
[[0;32m  OK  [0m] Listening on UUID daemon activation socket.
[[   47.724331] [0;32m  OK  [0mcloud-init] [951]: Started Ubuntu Advantage update messaging.ci-info: +-------+-------------+---------+-----------+-------+

[   47.736722] cloud-init[951]: ci-info: |   0   |  fe80::/64  |    ::   |   enp0s3  |   U   |
[   47.737428] cloud-init[951]: ci-info: |   3   |   ff00::/8  |    ::   |   enp0s3  |   U   |
[   47.737450] cloud-init[951]: ci-info: +-------+-------------+---------+-----------+-------+
[[0;32m  OK  [0m] Started Daily Cleanup of Temporary Directories.
[[0;32m  OK  [0m] Started Daily apt download activities.
         Starting Socket activation for snappy daemon.
         Starting LXD - unix socket.
[[0;32m  OK  [0m] Started Daily apt upgrade and clean activities.
[[0;32m  OK  [0m] Listening on ACPID Listen Socket.
[[0;32m  OK  [0m] Started Message of the Day.
[[0;32m  OK  [0m] Reached target Timers.
[[0;32m  OK  [0m] Listening on D-Bus System Message Bus Socket.
[[0;32m  OK  [0m] Reached target Cloud-config availability.
[[0;32m  OK  [0m] Listening on Socket activation for snappy daemon.
[[0;32m  OK  [0m] Listening on LXD - unix socket.
[[0;32m  OK  [0m] Started iSCSI initiator daemon (iscsid).
         Starting Login to default iSCSI targets...
[[0;32m  OK  [0m] Reached target Sockets.
[[0;32m  OK  [0m] Reached target Basic System.
[[0;32m  OK  [0m] Started FUSE filesystem for LXC.
         Starting Pollinate to seed the pseudo random number generator...
         Starting Login Service...
[[0;32m  OK  [0m] Started Deferred execution scheduler.
[[0;32m  OK  [0m] Started ACPI event daemon.
         Starting LSB: Record successful boot for GRUB...
[[0;32m  OK  [0m] Started D-Bus System Message Bus.
         Starting Accounts Service...
         Starting Message of the Day...
         Starting System Logging Service...
         Starting /etc/rc.local Compatibility...
         Starting LXD - container startup/shutdown...
         Starting Snap Daemon...
         Starting LSB: MD monitoring daemon...
[[0;32m  OK  [0m] Started Regular background program processing daemon.
         Starting Virtualbox guest utils...
[[0;32m  OK  [0m] Started Message of the Day.
[[0;32m  OK  [0m] Started /etc/rc.local Compatibility.
[[0;32m  OK  [0m] Started Login Service.
[[0;32m  OK  [0m] Started Unattended Upgrades Shutdown.
[[0;32m  OK  [0m] Started System Logging Service.
[[0;32m  OK  [0m] Started LSB: Record successful boot for GRUB.
[[0;32m  OK  [0m] Started Login to default iSCSI targets.
[[0;32m  OK  [0m] Reached target Remote File Systems (Pre).
         Mounting /vagrant...
[[0;32m  OK  [0m] Started LSB: MD monitoring daemon.
[[0;1;31mFAILED[0m] Failed to mount /vagrant.
See 'systemctl status vagrant.mount' for details.
[[0;1;33mDEPEND[0m] Dependency failed for Remote File Systems.
         Starting Authenticate and Authorize Users to Run Privileged Tasks...
         Starting LSB: automatic crash report generation...
         Starting Permit User Sessions...
         Starting LSB: daemon to balance interrupts for SMP systems...
         Starting LSB: Set the CPU Frequency Scaling governor to "ondemand"...
[[0;32m  OK  [0m] Started Permit User Sessions.
         Starting Terminate Plymouth Boot Screen...
         Starting Hold until boot process finishes up...
[[0;32m  OK  [0m] Started Hold until boot process finishes up.
         Starting Set console scheme...
[[0;32m  OK  [0m] Started Getty on tty1.
[[0;32m  OK  [0m] Started Serial Getty on ttyS0.
[[0;32m  OK  [0m] Reached target Login Prompts.
[[0;32m  OK  [0m] Started Terminate Plymouth Boot Screen.
[[0;32m  OK  [0m] Started Set console scheme.
[[0;32m  OK  [0m] Started LSB: daemon to balance interrupts for SMP systems.
[[0;32m  OK  [0m] Started Authenticate and Authorize Users to Run Privileged Tasks.
[[0;32m  OK  [0m] Started Accounts Service.
[[0;32m  OK  [0m] Started LSB: Set the CPU Frequency Scaling governor to "ondemand".
[[0;32m  OK  [0m] Started LSB: automatic crash report generation.
[[0;32m  OK  [0m] Started Virtualbox guest utils.
[[0;32m  OK  [0m] Started LXD - container startup/shutdown.
[[0;32m  OK  [0m] Started Snap Daemon.
         Starting Wait until snapd is fully seeded...
[[0;32m  OK  [0m] Started Wait until snapd is fully seeded.
         Starting Apply the settings specified in cloud-config...
[   48.813895] cloud-init[1233]: Cloud-init v. 21.1-19-gbad84ad4-0ubuntu1~16.04.2 running 'modules:config' at Wed, 22 Jun 2022 03:39:40 +0000. Up 48.75 seconds.
[[0;32m  OK  [0m] Started Apply the settings specified in cloud-config.

Ubuntu 16.04.7 LTS ubuntu-xenial ttyS0

ubuntu-xenial login: [   58.968476] cloud-init[1257]: Cloud-init v. 21.1-19-gbad84ad4-0ubuntu1~16.04.2 running 'modules:final' at Wed, 22 Jun 2022 03:39:50 +0000. Up 58.87 seconds.
[   58.968611] cloud-init[1257]: Cloud-init v. 21.1-19-gbad84ad4-0ubuntu1~16.04.2 finished at Wed, 22 Jun 2022 03:39:50 +0000. Datasource DataSourceNoCloud [seed=/dev/sdb][dsmode=net].  Up 58.96 seconds
